deklaracja zmiennych -
var,let,const

typy danych -
string: "dfyuiasuif" , 'fuiahsfa'
użyteczne funkcje
cos.toLowerCase()
cos.toUpperCase()
cos.split()
cos.split('l')
cos.charCodeAt(1);
cos.trim()
cos.includes("aa")
cos.charAt(2)
dodawanie stringów -
'aaaa' + 'aaaa'
'aaaa' + cos
`aaa + {zmienna}`

liczby -
Number.isFinite(3)
Number.isFinite(0/0)
Number.isFinite(Infinity)

limit
999999999999999 +1
10000000000000000

obiekty:

obiekt = {cos:'tak',tak:'tak'}
console.log(obiekt.tak)

funkcje :
deklarowanie function(){}

f = function(param){return param}
f2 = (param) => {return param}
f3 = (param) => param.cos

Deklaracja tablic:

> let tab = [ 14,'hejka', true];
undefined
> console.log(tab)
[ 14, 'hejka', true ]
undefined

warunek: 

> (!tab)?console.log('Empty'):console.log('Full');
Full

do nowej tablicy z uwzglednieniem funkcji:

> f = function(param){return param};
[Function: f]
> const tabmulti = tab.map(f);
> console.log(tabmulti);
[ 14, 'hejka', true ]


łączenie arr w tablicy:

> console.log(tab.join(' '));
14 hejka true

długość tablicy:

> console.log(tab.length);
3

BOOL'E:
let bool = falseco;

Boolean: 

> console.log(Boolean(null));
false
> let boool = 123;
> console.log(Boolean(boool));
true
      